
> sitiazo-cl@1.0.0 build
> next build

▲ Next.js 16.2.4 (Turbopack)
- Environments: .env.local

  Creating an optimized production build ...
✓ Compiled successfully in 7.9s
  Running TypeScript ...
  Finished TypeScript in 7.4s ...
  Collecting page data using 7 workers ...
  Generating static pages using 7 workers (0/59) ...
  Generating static pages using 7 workers (14/59) 
  Generating static pages using 7 workers (29/59) 
  Generating static pages using 7 workers (44/59) 
✓ Generating static pages using 7 workers (59/59) in 4.3s
  Finalizing page optimization ...

Route (app)
┌ ○ /
├ ○ /_not-found
├ ○ /blog
├ ● /blog/[slug]
│ ├ /blog/precios-paginas-web-pymes-chile-2026
│ ├ /blog/caso-roma-crochet-amigurumis-curico
│ └ /blog/whatsapp-business-pagina-web-pymes
├ ○ /casos
├ ● /casos/[slug]
│ ├ /casos/calculachile
│ ├ /casos/cvlisto
│ ├ /casos/malla-veterinaria-ucm
│ └ /casos/malla-psicologia-ucm
├ ○ /casos/roma-crochet
├ ○ /como-funciona
├ ○ /contacto
├ ○ /demos
├ ● /demos/[slug]
│ ├ /demos/escuela-vial-maule
│ ├ /demos/vetsur
│ ├ /demos/vivero-los-aromos
│ └ [+14 more paths]
├ ○ /demos/altos-de-lircay
├ ○ /demos/barberia-rulos-style-barberia-curico
├ ○ /demos/cabanas-la-quebrada
├ ○ /demos/centro-spa-roxana
├ ○ /demos/clinica-y-farmacia-veterinaria-angel-guardian
├ ○ /demos/homyvet
├ ○ /demos/jd-abogados
├ ○ /demos/lua-nails
├ ○ /demos/matrokin
├ ○ /demos/one-health
├ ○ /demos/panaderia-bravo
├ ○ /demos/rancho-itahue
├ ○ /demos/salon-de-belleza-gabriela-saavedra-talca
├ ○ /demos/santa-fe
├ ○ /demos/sigel
├ ○ /demos/triadent
├ ○ /demos/vivero-dona-ines
├ ○ /demos/wow-park
├ ○ /demos/zamono
├ ○ /planes
├ ○ /preguntas-frecuentes
├ ○ /privacidad
├ ○ /robots.txt
├ ○ /sitemap.xml
├ ○ /sobre
└ ○ /terminos


○  (Static)  prerendered as static content
●  (SSG)     prerendered as static HTML (uses generateStaticParams)

